2026-08-18T14:24:32Z INF Thank you for trying Cloudflare Tunnel. Doing so, without a Cloudflare account, is a quick way to experiment and try it out. However, be aware that these account-less Tunnels have no uptime guarantee, are subject to the Cloudflare Online Services Terms of Use (https://www.cloudflare.com/website-terms/), and Cloudflare reserves the right to investigate your use of Tunnels for violations of such terms. If you intend to use Tunnels in production you should use a pre-created named tunnel by following: https://developers.cloudflare.com/cloudflare-one/connections/connect-apps
2026-08-18T14:24:32Z INF Requesting new quick Tunnel on trycloudflare.com...
2026-08-18T14:24:40Z INF +--------------------------------------------------------------------------------------------+
2026-08-18T14:24:40Z INF |  Your quick Tunnel has been created! Visit it at (it may take some time to be reachable):  |
2026-08-18T14:24:40Z INF |  https://plains-favorite-posing-cayman.trycloudflare.com                                   |
2026-08-18T14:24:40Z INF +--------------------------------------------------------------------------------------------+
2026-08-18T14:24:41Z INF Cannot determine default configuration path. No file [config.yml config.yaml] in [~/.cloudflared ~/.cloudflare-warp ~/cloudflare-warp]
2026-08-18T14:24:41Z INF Version 2026.8.2 (Checksum c29eee2b121f5436a642eed69fd9767da7e7b8c510fa50aaa130337f931357b5)
2026-08-18T14:24:41Z INF GOOS: windows, GOVersion: go1.26.4, GoArch: amd64
2026-08-18T14:24:41Z INF Settings: map[ha-connections:1 protocol:quic url:http://localhost:5173]
2026-08-18T14:24:41Z INF cloudflared will not automatically update on Windows systems.
2026-08-18T14:24:41Z INF Generated Connector ID: b355f0eb-5856-4aa9-acd6-a03f76da5464
2026-08-18T14:24:41Z INF Initial protocol quic
2026-08-18T14:24:41Z INF ICMP proxy will use 192.168.1.39 as source for IPv4
2026-08-18T14:24:41Z INF ICMP proxy will use 2001:fb1:68:a2d8:63dd:ac31:1c2a:42f3 in zone Wi-Fi as source for IPv6
2026-08-18T14:24:41Z INF cloudflared does not support loading the system root certificate pool on Windows. Please use --origin-ca-pool <PATH> to specify the path to the certificate pool
2026-08-18T14:24:41Z INF ICMP proxy will use 192.168.1.39 as source for IPv4
2026-08-18T14:24:41Z INF Tunnel connection curve preferences: [X25519MLKEM768 CurveID(65074) CurveP256] connIndex=0 event=0 ip=2606:4700:a8::9
2026-08-18T14:24:41Z INF ICMP proxy will use 2001:fb1:68:a2d8:63dd:ac31:1c2a:42f3 in zone Wi-Fi as source for IPv6
2026-08-18T14:24:41Z INF Starting metrics server on 127.0.0.1:20243/metrics
2026-08-18T14:24:41Z INF +-------------------------------------------------------------------------------------+
2026-08-18T14:24:41Z INF |                               CONNECTIVITY PRE-CHECKS                               |
2026-08-18T14:24:41Z INF +-------------------------------------------------------------------------------------+
2026-08-18T14:24:41Z INF |  COMPONENT         TARGET                     STATUS  DETAILS                       |
2026-08-18T14:24:41Z INF |  DNS Resolution    region1.v2.argotunnel.com  PASS    DNS Resolved successfully     |
2026-08-18T14:24:41Z INF |  DNS Resolution    region2.v2.argotunnel.com  PASS    DNS Resolved successfully     |
2026-08-18T14:24:41Z INF |  UDP Connectivity  region1.v2.argotunnel.com  PASS    QUIC connection successful    |
2026-08-18T14:24:41Z INF |  UDP Connectivity  region2.v2.argotunnel.com  PASS    QUIC connection successful    |
2026-08-18T14:24:41Z INF |  TCP Connectivity  region1.v2.argotunnel.com  PASS    HTTP/2 connection successful  |
2026-08-18T14:24:41Z INF |  TCP Connectivity  region2.v2.argotunnel.com  PASS    HTTP/2 connection successful  |
2026-08-18T14:24:41Z INF |  Cloudflare API    api.cloudflare.com:443     PASS    API is reachable              |
2026-08-18T14:24:41Z INF |                                                                                     |
2026-08-18T14:24:41Z INF |  SUMMARY: Environment is healthy. cloudflared will use 'quic' as primary protocol.  |
2026-08-18T14:24:41Z INF +-------------------------------------------------------------------------------------+
2026-08-18T14:24:41Z INF precheck component="DNS Resolution" details="DNS Resolved successfully" run_id=7187b3d7-5618-4150-abc9-fe655a19d09f status=pass target=region1.v2.argotunnel.com
2026-08-18T14:24:41Z INF precheck component="DNS Resolution" details="DNS Resolved successfully" run_id=7187b3d7-5618-4150-abc9-fe655a19d09f status=pass target=region2.v2.argotunnel.com
2026-08-18T14:24:41Z INF precheck component="UDP Connectivity" details="QUIC connection successful" run_id=7187b3d7-5618-4150-abc9-fe655a19d09f status=pass target=region1.v2.argotunnel.com
2026-08-18T14:24:41Z INF precheck component="UDP Connectivity" details="QUIC connection successful" run_id=7187b3d7-5618-4150-abc9-fe655a19d09f status=pass target=region2.v2.argotunnel.com
2026-08-18T14:24:41Z INF precheck component="TCP Connectivity" details="HTTP/2 connection successful" run_id=7187b3d7-5618-4150-abc9-fe655a19d09f status=pass target=region1.v2.argotunnel.com
2026-08-18T14:24:41Z INF precheck component="TCP Connectivity" details="HTTP/2 connection successful" run_id=7187b3d7-5618-4150-abc9-fe655a19d09f status=pass target=region2.v2.argotunnel.com
2026-08-18T14:24:41Z INF precheck component="Cloudflare API" details="API is reachable" run_id=7187b3d7-5618-4150-abc9-fe655a19d09f status=pass target=api.cloudflare.com:443
2026-08-18T14:24:41Z INF precheck complete hard_fail=false run_id=7187b3d7-5618-4150-abc9-fe655a19d09f suggested_protocol=quic
2026-08-18T14:24:42Z INF Registered tunnel connection connIndex=0 connection=3a8d5770-b337-49a4-ba5f-5e0d95f71581 event=0 ip=2606:4700:a8::9 location=sin15 protocol=quic
2026-08-18T14:44:53Z ERR  error="Unable to reach the origin service. The service may be down or it may not be responding to traffic from cloudflared: dial tcp [::1]:5173: connectex: No connection could be made because the target machine actively refused it." connIndex=0 event=1 ingressRule=0 originService=http://localhost:5173
2026-08-18T14:44:53Z ERR Request failed error="Unable to reach the origin service. The service may be down or it may not be responding to traffic from cloudflared: dial tcp [::1]:5173: connectex: No connection could be made because the target machine actively refused it." connIndex=0 dest=https://plains-favorite-posing-cayman.trycloudflare.com/ event=0 ip=2606:4700:a8::9 type=http
2026-08-18T15:04:46Z ERR Failed to refresh DNS local resolver error="lookup region1.v2.argotunnel.com: i/o timeout"
